   Compiling unicode-ident v1.0.24
   Compiling proc-macro2 v1.0.106
   Compiling quote v1.0.45
   Compiling version_check v0.9.5
   Compiling typenum v1.19.0
   Compiling cfg-if v1.0.4
   Compiling serde_core v1.0.228
   Compiling serde v1.0.228
   Compiling libc v0.2.182
   Compiling syn v1.0.109
   Compiling generic-array v0.14.7
   Compiling subtle v2.4.1
   Compiling autocfg v1.5.0
   Compiling syn v2.0.117
   Compiling zerocopy v0.8.40
   Compiling getrandom v0.2.17
   Compiling memchr v2.8.0
   Compiling thiserror v1.0.69
   Compiling cpufeatures v0.2.17
   Compiling anyhow v1.0.102
   Compiling zmij v1.0.21
   Compiling once_cell v1.21.3
   Compiling serde_derive v1.0.228
   Compiling thiserror-impl v1.0.69
   Compiling rand_core v0.6.4
   Compiling serde_json v1.0.149
   Compiling zeroize_derive v1.4.3
   Compiling num-traits v0.2.19
   Compiling itoa v1.0.17
   Compiling ppv-lite86 v0.2.21
   Compiling zeroize v1.3.0
   Compiling semver v1.0.27
   Compiling rustc_version v0.4.1
   Compiling getrandom v0.1.16
   Compiling crypto-common v0.1.7
   Compiling block-buffer v0.10.4
   Compiling either v1.15.0
   Compiling opaque-debug v0.3.1
   Compiling crunchy v0.2.4
   Compiling equivalent v1.0.2
   Compiling digest v0.10.7
   Compiling rand_chacha v0.3.1
   Compiling ahash v0.8.12
   Compiling crossbeam-utils v0.8.21
   Compiling digest v0.9.0
   Compiling sha2 v0.10.9
   Compiling rand v0.8.5
   Compiling num-integer v0.1.46
   Compiling rustversion v1.0.22
   Compiling hashbrown v0.16.1
   Compiling block-padding v0.2.1
   Compiling paste v1.0.15
   Compiling winnow v0.7.15
   Compiling indexmap v2.13.0
   Compiling rand_core v0.5.1
   Compiling block-buffer v0.9.0
   Compiling ark-std v0.4.0
   Compiling num-bigint v0.4.6
   Compiling toml_parser v1.0.9+spec-1.1.0
   Compiling ark-serialize-derive v0.4.2
   Compiling jobserver v0.1.34
   Compiling wasm-bindgen-shared v0.2.114
   Compiling find-msvc-tools v0.1.9
   Compiling shlex v1.3.0
   Compiling toml_datetime v1.0.0+spec-1.1.0
   Compiling cc v1.2.56
   Compiling toml_edit v0.25.4+spec-1.1.0
   Compiling hashbrown v0.13.2
   Compiling ark-ff-macros v0.4.2
   Compiling libsecp256k1-core v0.2.2
   Compiling ark-serialize v0.4.2
   Compiling rand_chacha v0.2.2
   Compiling crypto-mac v0.8.0
   Compiling toml v0.5.11
   Compiling itertools v0.10.5
   Compiling crossbeam-epoch v0.9.18
   Compiling derivative v2.2.0
   Compiling ark-ff-asm v0.4.2
   Compiling rayon-core v1.13.0
   Compiling proc-macro-crate v0.1.5
   Compiling crossbeam-deque v0.8.6
   Compiling rand v0.7.3
   Compiling proc-macro-crate v3.5.0
   Compiling sha2 v0.9.9
   Compiling ahash v0.7.8
   Compiling feature-probe v0.1.1
   Compiling byteorder v1.5.0
   Compiling libsecp256k1-gen-genmult v0.2.1
   Compiling bv v0.11.1
   Compiling libsecp256k1-gen-ecmult v0.2.1
   Compiling hmac v0.8.1
   Compiling solana-frozen-abi-macro v1.18.26
   Compiling borsh-derive-internal v0.10.4
   Compiling keccak v0.1.6
   Compiling bitmaps v2.1.0
   Compiling im v15.1.0
   Compiling lazy_static v1.5.0
   Compiling log v0.4.29
   Compiling tinyvec_macros v0.1.1
   Compiling cfg_aliases v0.2.1
   Compiling bumpalo v3.20.2
   Compiling tinyvec v1.10.0
   Compiling borsh v1.6.0
   Compiling wasm-bindgen-macro-support v0.2.114
   Compiling sized-chunks v0.6.5
   Compiling libsecp256k1 v0.6.0
   Compiling ark-ff v0.4.2
   Compiling curve25519-dalek v3.2.1
   Compiling wasm-bindgen v0.2.114
   Compiling rayon v1.11.0
   Compiling blake3 v1.8.3
   Compiling solana-frozen-abi v1.18.26
   Compiling rand_xoshiro v0.6.0
   Compiling borsh-schema-derive-internal v0.10.4
   Compiling borsh-schema-derive-internal v0.9.3
   Compiling borsh-derive-internal v0.9.3
   Compiling memoffset v0.9.1
   Compiling arrayref v0.3.9
   Compiling bs58 v0.4.0
   Compiling borsh-derive v0.9.3
   Compiling borsh-derive v0.10.4
   Compiling wasm-bindgen-macro v0.2.114
   Compiling hashbrown v0.11.2
   Compiling unicode-normalization v0.1.25
   Compiling hmac-drbg v0.3.0
   Compiling borsh-derive v1.6.0
   Compiling pbkdf2 v0.4.0
   Compiling solana-program v1.18.26
   Compiling bytemuck_derive v1.10.2
   Compiling memmap2 v0.5.10
   Compiling serde_bytes v0.11.19
   Compiling constant_time_eq v0.4.2
   Compiling arrayvec v0.7.6
   Compiling rustc-hash v1.1.0
   Compiling base64 v0.12.3
   Compiling tiny-bip39 v0.8.2
   Compiling bytemuck v1.25.0
   Compiling borsh v0.9.3
   Compiling borsh v0.10.4
   Compiling solana-sdk-macro v1.18.26
   Compiling sha3 v0.10.8
   Compiling bincode v1.3.3
   Compiling num-derive v0.4.2
   Compiling bitflags v2.11.0
   Compiling base64 v0.21.7
   Compiling fnv v1.0.7
   Compiling strsim v0.11.1
   Compiling ident_case v1.0.1
   Compiling darling_core v0.20.11
   Compiling aho-corasick v1.1.4
   Compiling regex-syntax v0.8.10
   Compiling regex-automata v0.4.14
   Compiling signature v1.6.4
   Compiling ed25519 v1.5.3
   Compiling num_enum_derive v0.7.5
   Compiling cipher v0.3.0
   Compiling darling_macro v0.20.11
   Compiling atty v0.2.14
   Compiling humantime v2.3.0
   Compiling termcolor v1.4.1
   Compiling darling v0.20.11
   Compiling unicode-segmentation v1.12.0
   Compiling ed25519-dalek v1.0.1
   Compiling heck v0.3.3
   Compiling hmac v0.12.1
   Compiling num_enum v0.7.5
   Compiling regex v1.12.3
   Compiling universal-hash v0.4.1
   Compiling env_logger v0.9.3
   Compiling solana-sdk v1.18.26
   Compiling derivation-path v0.2.0
   Compiling percent-encoding v2.3.2
   Compiling qstring v0.7.2
   Compiling ed25519-dalek-bip32 v0.2.0
   Compiling solana-logger v1.18.26
   Compiling polyval v0.5.3
   Compiling aes v0.7.5
   Compiling ctr v0.8.0
   Compiling uriparse v0.6.4
   Compiling pbkdf2 v0.11.0
   Compiling aead v0.4.3
   Compiling chrono v0.4.44
   Compiling qualifier_attr v0.2.2
   Compiling bs58 v0.5.1
   Compiling assert_matches v1.5.0
   Compiling siphasher v0.3.11
   Compiling anchor-syn v0.30.1
   Compiling aes-gcm-siv v0.10.3
   Compiling merlin v3.0.0
   Compiling sha3 v0.9.1
   Compiling spl-program-error-derive v0.4.1
   Compiling spl-discriminator-syn v0.2.1
   Compiling spl-discriminator-derive v0.2.0
   Compiling allocator-api2 v0.2.21
   Compiling foldhash v0.1.5
   Compiling anchor-lang-idl-spec v0.1.0
   Compiling hashbrown v0.15.2
   Compiling serde_with_macros v2.3.3
   Compiling anchor-derive-space v0.30.1
   Compiling solana-security-txt v1.1.2
   Compiling num-derive v0.3.3
   Compiling anchor-lang-idl v0.1.2
   Compiling serde_with v2.3.3
   Compiling anchor-derive-accounts v0.30.1
   Compiling anchor-attribute-error v0.30.1
   Compiling anchor-attribute-access-control v0.30.1
   Compiling anchor-attribute-account v0.30.1
   Compiling anchor-attribute-constant v0.30.1
   Compiling anchor-derive-serde v0.30.1
   Compiling anchor-attribute-event v0.30.1
   Compiling anchor-attribute-program v0.30.1
   Compiling ark-poly v0.4.2
   Compiling ark-ec v0.4.2
   Compiling ark-bn254 v0.4.0
   Compiling light-poseidon v0.2.0
   Compiling spl-program-error v0.4.4
   Compiling spl-discriminator v0.2.5
   Compiling spl-memo v4.0.4
   Compiling spl-token v4.0.3
   Compiling anchor-lang v0.30.1
   Compiling mpl-token-metadata v4.1.2
   Compiling solana-zk-token-sdk v1.18.26
   Compiling spl-pod v0.2.5
   Compiling spl-type-length-value v0.4.6
   Compiling spl-token-group-interface v0.2.5
   Compiling spl-tlv-account-resolution v0.6.5
   Compiling spl-token-metadata-interface v0.3.5
   Compiling spl-transfer-hook-interface v0.6.5
   Compiling spl-token-2022 v3.0.5
   Compiling spl-associated-token-account v3.0.4
   Compiling anchor-spl v0.30.1
   Compiling tagin_solana_program v0.1.0 (/Users/akshat12/Documents/TagIn_AceHack/FinalTagIn-main/tagin_solana_program/programs/tagin_solana_program)
error: init_if_needed requires that anchor-lang be imported with the init-if-needed cargo feature enabled. Carefully read the init_if_needed docs before using this feature to make sure you know how to protect yourself against re-initialization attacks.
   --> programs/tagin_solana_program/src/lib.rs:111:9
    |
111 |         init_if_needed,
    |         ^^^^^^^^^^^^^^

error[E0432]: unresolved import `crate`
  --> programs/tagin_solana_program/src/lib.rs:11:1
   |
11 | #[program]
   | ^^^^^^^^^^ could not find `__client_accounts_manage_whitelist` in the crate root
   |
   = note: this error originates in the attribute macro `program` (in Nightly builds, run with -Z macro-backtrace for more info)

error[E0277]: the trait bound `ManageWhitelist<'_>: Bumps` is not satisfied
  --> programs/tagin_solana_program/src/lib.rs:21:34
   |
21 |     pub fn add_to_whitelist(ctx: Context<ManageWhitelist>, user_to_manage: Pubkey) -> Result<()> {
   |                                  ^^^^^^^^^^^^^^^^^^^^^^^^ the trait `Bumps` is not implemented for `ManageWhitelist<'_>`
   |
   = help: the following other types implement trait `Bumps`:
             CreateNonceAccount<'info>
             CreateNonceAccountWithSeed<'info>
             DefaultAccountStateInitialize<'info>
             DefaultAccountStateUpdate<'info>
             GroupMemberPointerInitialize<'info>
             GroupMemberPointerUpdate<'info>
             GroupPointerInitialize<'info>
             GroupPointerUpdate<'info>
           and 100 others
note: required by a bound in `anchor_lang::context::Context`
  --> /Users/akshat12/.cargo/registry/src/index.crates.io-1949cf8c6b5b557f/anchor-lang-0.30.1/src/context.rs:24:42
   |
24 | pub struct Context<'a, 'b, 'c, 'info, T: Bumps> {
   |                                          ^^^^^ required by this bound in `Context`

error[E0277]: the trait bound `ManageWhitelist<'_>: Bumps` is not satisfied
  --> programs/tagin_solana_program/src/lib.rs:27:39
   |
27 |     pub fn remove_from_whitelist(ctx: Context<ManageWhitelist>, user_to_manage: Pubkey) -> Result<()> {
   |                                       ^^^^^^^^^^^^^^^^^^^^^^^^ the trait `Bumps` is not implemented for `ManageWhitelist<'_>`
   |
   = help: the following other types implement trait `Bumps`:
             CreateNonceAccount<'info>
             CreateNonceAccountWithSeed<'info>
             DefaultAccountStateInitialize<'info>
             DefaultAccountStateUpdate<'info>
             GroupMemberPointerInitialize<'info>
             GroupMemberPointerUpdate<'info>
             GroupPointerInitialize<'info>
             GroupPointerUpdate<'info>
           and 100 others
note: required by a bound in `anchor_lang::context::Context`
  --> /Users/akshat12/.cargo/registry/src/index.crates.io-1949cf8c6b5b557f/anchor-lang-0.30.1/src/context.rs:24:42
   |
24 | pub struct Context<'a, 'b, 'c, 'info, T: Bumps> {
   |                                          ^^^^^ required by this bound in `Context`

error[E0277]: the trait bound `ManageWhitelist<'_>: Bumps` is not satisfied
  --> programs/tagin_solana_program/src/lib.rs:21:42
   |
21 |     pub fn add_to_whitelist(ctx: Context<ManageWhitelist>, user_to_manage: Pubkey) -> Result<()> {
   |                                          ^^^^^^^^^^^^^^^ the trait `Bumps` is not implemented for `ManageWhitelist<'_>`
   |
   = help: the following other types implement trait `Bumps`:
             CreateNonceAccount<'info>
             CreateNonceAccountWithSeed<'info>
             DefaultAccountStateInitialize<'info>
             DefaultAccountStateUpdate<'info>
             GroupMemberPointerInitialize<'info>
             GroupMemberPointerUpdate<'info>
             GroupPointerInitialize<'info>
             GroupPointerUpdate<'info>
           and 100 others

error[E0277]: the trait bound `ManageWhitelist<'_>: Bumps` is not satisfied
  --> programs/tagin_solana_program/src/lib.rs:11:1
   |
11 | #[program]
   | ^^^^^^^^^^ the trait `Bumps` is not implemented for `ManageWhitelist<'_>`
   |
   = help: the following other types implement trait `Bumps`:
             CreateNonceAccount<'info>
             CreateNonceAccountWithSeed<'info>
             DefaultAccountStateInitialize<'info>
             DefaultAccountStateUpdate<'info>
             GroupMemberPointerInitialize<'info>
             GroupMemberPointerUpdate<'info>
             GroupPointerInitialize<'info>
             GroupPointerUpdate<'info>
           and 100 others
   = note: this error originates in the attribute macro `program` (in Nightly builds, run with -Z macro-backtrace for more info)

error[E0599]: no function or associated item named `try_accounts` found for struct `ManageWhitelist` in the current scope
   --> programs/tagin_solana_program/src/lib.rs:11:1
    |
11  | #[program]
    | ^^^^^^^^^^ function or associated item not found in `ManageWhitelist<'_>`
...
101 | pub struct ManageWhitelist<'info> {
    | --------------------------------- function or associated item `try_accounts` not found for this struct
    |
    = help: items from traits can only be used if the trait is implemented and in scope
    = note: the following trait defines an item `try_accounts`, perhaps you need to implement it:
            candidate #1: `anchor_lang::Accounts`
help: there is a method `try_into` with a similar name, but with different arguments
   --> /rustc/29483883eed69d5fb4db01964cdf2af4d86e9cb2/library/core/src/convert/mod.rs:617:5
    = note: this error originates in the attribute macro `program` (in Nightly builds, run with -Z macro-backtrace for more info)

error[E0277]: the trait bound `ManageWhitelist<'_>: anchor_lang::Accounts<'_, _>` is not satisfied
  --> programs/tagin_solana_program/src/lib.rs:11:1
   |
11 | #[program]
   | ^^^^^^^^^^ the trait `anchor_lang::Accounts<'_, _>` is not implemented for `ManageWhitelist<'_>`
   |
   = help: the following other types implement trait `anchor_lang::Accounts<'info, B>`:
             `AccountLoader<'info, T>` implements `anchor_lang::Accounts<'info, B>`
             `Box<T>` implements `anchor_lang::Accounts<'info, B>`
             `CreateNonceAccount<'info>` implements `anchor_lang::Accounts<'info, CreateNonceAccountBumps>`
             `CreateNonceAccountWithSeed<'info>` implements `anchor_lang::Accounts<'info, CreateNonceAccountWithSeedBumps>`
             `DefaultAccountStateInitialize<'info>` implements `anchor_lang::Accounts<'info, DefaultAccountStateInitializeBumps>`
             `DefaultAccountStateUpdate<'info>` implements `anchor_lang::Accounts<'info, DefaultAccountStateUpdateBumps>`
             `GroupMemberPointerInitialize<'info>` implements `anchor_lang::Accounts<'info, GroupMemberPointerInitializeBumps>`
             `GroupMemberPointerUpdate<'info>` implements `anchor_lang::Accounts<'info, GroupMemberPointerUpdateBumps>`
           and 113 others
note: required by a bound in `anchor_lang::context::Context::<'a, 'b, 'c, 'info, T>::new`
  --> /Users/akshat12/.cargo/registry/src/index.crates.io-1949cf8c6b5b557f/anchor-lang-0.30.1/src/context.rs:55:16
   |
55 |     T: Bumps + Accounts<'info, T::Bumps>,
   |                ^^^^^^^^^^^^^^^^^^^^^^^^^ required by this bound in `Context::<'a, 'b, 'c, 'info, T>::new`
56 | {
57 |     pub fn new(
   |            --- required by a bound in this associated function
   = note: this error originates in the attribute macro `program` (in Nightly builds, run with -Z macro-backtrace for more info)

error[E0277]: the trait bound `ManageWhitelist<'_>: Bumps` is not satisfied
  --> programs/tagin_solana_program/src/lib.rs:27:47
   |
27 |     pub fn remove_from_whitelist(ctx: Context<ManageWhitelist>, user_to_manage: Pubkey) -> Result<()> {
   |                                               ^^^^^^^^^^^^^^^ the trait `Bumps` is not implemented for `ManageWhitelist<'_>`
   |
   = help: the following other types implement trait `Bumps`:
             CreateNonceAccount<'info>
             CreateNonceAccountWithSeed<'info>
             DefaultAccountStateInitialize<'info>
             DefaultAccountStateUpdate<'info>
             GroupMemberPointerInitialize<'info>
             GroupMemberPointerUpdate<'info>
             GroupPointerInitialize<'info>
             GroupPointerUpdate<'info>
           and 100 others

error[E0277]: the trait bound `ManageWhitelist<'_>: Bumps` is not satisfied in `anchor_lang::context::Context<'_, '_, '_, '_, ManageWhitelist<'_>>`
  --> programs/tagin_solana_program/src/lib.rs:21:34
   |
21 |     pub fn add_to_whitelist(ctx: Context<ManageWhitelist>, user_to_manage: Pubkey) -> Result<()> {
   |                                  ^^^^^^^^^^^^^^^^^^^^^^^^ within `anchor_lang::context::Context<'_, '_, '_, '_, ManageWhitelist<'_>>`, the trait `Bumps` is not implemented for `ManageWhitelist<'_>`
   |
   = help: the following other types implement trait `Bumps`:
             CreateNonceAccount<'info>
             CreateNonceAccountWithSeed<'info>
             DefaultAccountStateInitialize<'info>
             DefaultAccountStateUpdate<'info>
             GroupMemberPointerInitialize<'info>
             GroupMemberPointerUpdate<'info>
             GroupPointerInitialize<'info>
             GroupPointerUpdate<'info>
           and 100 others
note: required because it appears within the type `anchor_lang::context::Context<'_, '_, '_, '_, ManageWhitelist<'_>>`
  --> /Users/akshat12/.cargo/registry/src/index.crates.io-1949cf8c6b5b557f/anchor-lang-0.30.1/src/context.rs:24:12
   |
24 | pub struct Context<'a, 'b, 'c, 'info, T: Bumps> {
   |            ^^^^^^^
help: function arguments must have a statically known size, borrowed types always have a known size
   |
21 |     pub fn add_to_whitelist(ctx: &Context<ManageWhitelist>, user_to_manage: Pubkey) -> Result<()> {
   |                                  +

error[E0277]: the trait bound `ManageWhitelist<'_>: Bumps` is not satisfied in `anchor_lang::context::Context<'_, '_, '_, '_, ManageWhitelist<'_>>`
  --> programs/tagin_solana_program/src/lib.rs:27:39
   |
27 |     pub fn remove_from_whitelist(ctx: Context<ManageWhitelist>, user_to_manage: Pubkey) -> Result<()> {
   |                                       ^^^^^^^^^^^^^^^^^^^^^^^^ within `anchor_lang::context::Context<'_, '_, '_, '_, ManageWhitelist<'_>>`, the trait `Bumps` is not implemented for `ManageWhitelist<'_>`
   |
   = help: the following other types implement trait `Bumps`:
             CreateNonceAccount<'info>
             CreateNonceAccountWithSeed<'info>
             DefaultAccountStateInitialize<'info>
             DefaultAccountStateUpdate<'info>
             GroupMemberPointerInitialize<'info>
             GroupMemberPointerUpdate<'info>
             GroupPointerInitialize<'info>
             GroupPointerUpdate<'info>
           and 100 others
note: required because it appears within the type `anchor_lang::context::Context<'_, '_, '_, '_, ManageWhitelist<'_>>`
  --> /Users/akshat12/.cargo/registry/src/index.crates.io-1949cf8c6b5b557f/anchor-lang-0.30.1/src/context.rs:24:12
   |
24 | pub struct Context<'a, 'b, 'c, 'info, T: Bumps> {
   |            ^^^^^^^
help: function arguments must have a statically known size, borrowed types always have a known size
   |
27 |     pub fn remove_from_whitelist(ctx: &Context<ManageWhitelist>, user_to_manage: Pubkey) -> Result<()> {
   |                                       +

Some errors have detailed explanations: E0277, E0432, E0599.
For more information about an error, try `rustc --explain E0277`.
error: could not compile `tagin_solana_program` (lib) due to 14 previous errors
